// Jest Snapshot v1, https://goo.gl/fbAQLP

exports[`ic-date-input renders 1`] = `
<ic-date-input class="hydrated" label="Test label">
  <mock:shadow-root>
    <ic-input-container class="hydrated">
      <!---->
      <div class="component-container">
        <ic-input-label class="hydrated with-helper">
          <ic-typography class="hydrated ic-typography-label">
            <label for="ic-date-input-0" id="ic-date-input-0-label">
              Test label
            </label>
          </ic-typography>
          <ic-typography class="helpertext helpertext-normal hydrated ic-typography-caption">
            <span id="ic-date-input-0-helper-text">
              DD/MM/YYYY
            </span>
          </ic-typography>
        </ic-input-label>
        <span aria-hidden="true" class="sr-only" id="ic-date-input-0-screen-reader-info">
          Date format: DD/MM/YYYY.
        </span>
        <span aria-hidden="true" class="sr-only" id="ic-date-input-0-assistive-hint">
          Type or use the up and down arrow keys to change the values for the day, month, and year.
        </span>
        <span aria-live="assertive" class="sr-only" id="live-region"></span>
        <ic-input-component-container aria-labelledby="ic-date-input-0-label ic-date-input-0-screen-reader-info   ic-date-input-0-assistive-hint" class="hydrated" id="ic-date-input-0">
          <!---->
          <div class="focus-indicator">
            <input aria-describedby="live-region" aria-label="day" aria-live="polite" class="day-input" placeholder="DD" type="number">
            /
            <input aria-describedby="live-region" aria-label="month" aria-live="polite" class="month-input" placeholder="MM" type="number">
            /
            <input aria-describedby="live-region" aria-label="year" aria-live="polite" class="year-input" maxlength="4" placeholder="YYYY" type="number">
          </div>
        </ic-input-component-container>
        <span class="sr-only" id="ic-date-input-0-selected-date-info">
          Selected date:
          <span role="status"></span>
          .
        </span>
      </div>
    </ic-input-container>
    <style>
      ic-input-container .component-container{display:flex;flex-direction:column}
    </style>
    <style>
      ic-input-label{margin-bottom:var(--ic-space-xs)}ic-input-label.with-helper{margin-bottom:var(--ic-space-xxxs)}ic-input-label.disabled{color:var(--ic-color-tertiary-text)}ic-input-label.readonly{color:var(--ic-color-tertiary-text)}ic-input-label .helpertext{margin-top:var(--ic-space-xxxs)}ic-input-label .helpertext-normal{color:var(--ic-color-secondary-text)}ic-input-label .helpertext-readonly{color:var(--ic-color-tertiary-text)}ic-input-label .readonly-label{color:var(--ic-color-secondary-text)}ic-input-label .error-label{color:var(--ic-status-error)}ic-input-label .dark{color:var(--ic-architectural-white)}
    </style>
    <style>
      ic-input-component-container{display:flex;border:var(--ic-space-1px) solid
    var(--border-color, var(--ic-architectural-400));border-radius:var(--ic-border-radius);transition:var(--ic-easing-transition-slow);height:2.5rem;width:var(--input-width, 20rem);padding:var(--ic-space-1px);background-color:var(--ic-architectural-white);box-sizing:border-box;fill:var(--ic-architectural-400);outline:none}ic-input-component-container.fullwidth{width:100%}ic-input-component-container.disabled,ic-input-component-container.disabled:hover{border:var(--ic-space-1px) dashed var(--ic-architectural-200)}ic-input-component-container.readonly,ic-input-component-container.readonly:hover{border:none;padding:0}ic-input-component-container.error{border:var(--ic-space-xxxs) solid var(--ic-status-error);padding:0}ic-input-component-container.warning{border:var(--ic-space-xxxs) solid var(--ic-status-warning-mid);padding:0}ic-input-component-container.success{border:var(--ic-space-xxxs) solid var(--ic-status-success);padding:0}ic-input-component-container.small{height:var(--ic-space-xl)}ic-input-component-container.multiline{height:auto}ic-input-component-container .icon-container{margin-top:var(--ic-space-xxs);margin-left:0.438rem;display:flex;align-items:center}ic-input-component-container.multiline .icon-container,ic-input-component-container.multiline.small .icon-container{margin-top:0.375rem;display:block}ic-input-component-container.readonly .icon-container{margin-left:-0.313rem}ic-input-component-container.disabled ::-moz-placeholder{display:none}ic-input-component-container.disabled ::placeholder{display:none}ic-input-component-container .inline-success{margin:var(--ic-space-xs) 0.375rem;display:flex;align-items:center}ic-input-component-container.dark:hover{--border-color:var(--ic-architectural-400)}ic-input-component-container .inline-success>svg{fill:var(--ic-status-success);height:1.25rem;width:1.25rem}ic-input-component-container:hover{border-color:var(--ic-action-dark-hover);color:var(--ic-action-dark-hover)}.focus-indicator{display:flex;width:100%;margin:-0.125rem;padding:0.125rem;border-radius:var(--ic-border-radius);transition:var(--ic-easing-transition-fast)}.focus-indicator:focus-within,.focus-indicator-enabled{box-shadow:var(--ic-border-focus)}.focus-indicator.dark:focus-within{box-shadow:var(--ic-border-focus)}@media (forced-colors: active){ic-input-component-container,.focus-indicator{transition:none}ic-input-component-container:focus-within{border:var(--ic-space-1px) solid Highlight;outline:0.125rem solid Highlight}ic-input-component-container.disabled,ic-input-component-container.disabled:hover{border:var(--ic-space-1px) dashed GrayText}}
    </style>
  </mock:shadow-root>
  <input class="ic-input" name="ic-date-input-0" type="hidden" value="">
</ic-date-input>
`;
