// Jest Snapshot v1, https://goo.gl/fbAQLP

exports[`ic-tooltip component should render: ic-tooltip-render 1`] = `
<ic-tooltip class="ic-tooltip" label="tooltip">
  <mock:shadow-root>
    <div class="ic-tooltip-container" role="tooltip">
      <ic-typography variant="caption">
        tooltip
      </ic-typography>
      <div class="ic-tooltip-arrow" data-popper-arrow></div>
    </div>
    <slot></slot>
  </mock:shadow-root>
</ic-tooltip>
`;
